// Jest Snapshot v1, https://goo.gl/fbAQLP

exports[`<A /> Should render and match the snapshot 1`] = `
<a
  class="A-ml9y9l-0 gDIWOl"
/>
`;
