// Jest Snapshot v1, https://goo.gl/fbAQLP

exports[`<Img /> Should render and match the snapshot 1`] = `
<img
  alt="test"
  src="test.png"
/>
`;
