// Jest Snapshot v1, https://goo.gl/fbAQLP

exports[`<App /> should render and match the snapshot 1`] = `
<React.Fragment>
  <Memo(GlobalStyleComponent) />
  <HomeLayout
    bannerOptions={false}
  >
    <Switch>
      <Route
        component={[Function]}
        exact={true}
        path="/"
      />
      <Route
        component={[Function]}
        path="/category/:slug"
      />
      <Route
        component={[Function]}
      />
    </Switch>
  </HomeLayout>
</React.Fragment>
`;
