// Jest Snapshot v1, https://goo.gl/fbAQLP

exports[`<IconButton /> Should render and match the snapshot 1`] = `
<div
  class="styles__Wrapper-kccwaf-0 cqnkNJ"
>
  <div>
    <div>
      <div
        data-src="https://static.charliecarsonkids.com/assets/icons/icon-100.svg"
        src=""
      />
    </div>
  </div>
</div>
`;
